     t        x           w            err    
    ___    ________    ________    ___________

      0           0           0              0
    0.1    0.095515    0.095515    -2.4955e-07
    0.2     0.18429     0.18429    -3.4235e-07
    0.3      0.2703      0.2703    -1.4908e-07
    0.4     0.35911     0.35911     4.4206e-07
    0.5     0.45986     0.45986     1.2644e-06
    0.6     0.59067     0.59067     9.1209e-07
    0.7     0.79729     0.79729     1.6848e-06
    0.8      1.2493      1.2488     0.00051423
    0.9      3.6413      3.4902        0.15112

h=1.0e-01 N=9 E=1.511209142690e-01 rate=NaN seconds=0.00
h=1.0e-02 N=90 E=7.370413330277e-05 rate=3.311833 seconds=0.00
h=1.0e-03 N=900 E=7.161239157227e-09 rate=4.012504 seconds=0.00
h=1.0e-04 N=9000 E=7.163158954882e-13 rate=3.999884 seconds=0.00
h=1.0e-05 N=90000 E=1.421085471520e-14 rate=1.702484 seconds=0.01
h=1.0e-06 N=900000 E=8.331113576787e-13 rate=-1.768083 seconds=0.06
h=1.0e-07 N=9000000 E=4.578559753554e-13 rate=0.259974 seconds=0.61
h=1.0e-08 N=90000000 E=2.807087895462e-12 rate=-0.787527 seconds=5.91
h=1.0e-09 N=900000000 E=9.074518914076e-12 rate=-0.509568 seconds=58.01
[Warning: MATLAB has disabled some advanced graphics rendering features by
switching to software OpenGL. For more information, click <a
href="matlab:opengl('problems')">here</a>.] 
